 
****************************************
Report : area
Design : SYS_TOP
Version: K-2015.06
Date   : Sun Aug 25 07:04:32 2024
****************************************

Library(s) Used:

    scmetro_tsmc_cl013g_rvt_ss_1p08v_125c (File: /home/IC/Final_Project/std_cells/scmetro_tsmc_cl013g_rvt_ss_1p08v_125c.db)

Number of ports:                          772
Number of nets:                          2650
Number of cells:                         1845
Number of combinational cells:           1411
Number of sequential cells:               396
Number of macros/black boxes:               0
Number of buf/inv:                        242
Number of references:                      16

Combinational area:              13336.718032
Buf/Inv area:                      915.472620
Noncombinational area:            9656.000076
Macro/Black Box area:                0.000000
Net Interconnect area:      undefined  (No wire load specified)

Total cell area:                 22992.718108
Total area:                 undefined

Hierarchical area distribution
------------------------------

                                  Global cell area            Local cell area
                                  -------------------  ----------------------------- 
Hierarchical cell                 Absolute    Percent  Combi-      Noncombi-  Black-
                                  Total       Total    national    national   boxes   Design
--------------------------------  ----------  -------  ----------  ---------  ------  -------------------
SYS_TOP                           22992.7181    100.0     29.4175     0.0000  0.0000  SYS_TOP
U0_ALU                             5551.6706     24.1   1023.7290   440.0858  0.0000  ALU
U0_ALU/add_43                       231.8099      1.0    231.8099     0.0000  0.0000  ALU_DW01_add_0
U0_ALU/div_52                      1434.3973      6.2   1434.3973     0.0000  0.0000  ALU_DW_div_uns_0
U0_ALU/mult_49                     2155.7144      9.4   1914.4909     0.0000  0.0000  ALU_DW02_mult_0
U0_ALU/mult_49/FS_1                 241.2235      1.0    241.2235     0.0000  0.0000  ALU_DW01_add_1
U0_ALU/sub_46                       265.9342      1.2    265.9342     0.0000  0.0000  ALU_DW01_sub_0
U0_CLKDIV_MUX                        88.2525      0.4     88.2525     0.0000  0.0000  CLKDIV_MUX
U0_CLK_GATE                          40.0078      0.2      0.0000    40.0078  0.0000  CLK_GATE
U0_ClkDiv                           767.2084      3.3    442.4392   232.9866  0.0000  ClkDiv_0
U0_ClkDiv/add_49                     91.7826      0.4     91.7826     0.0000  0.0000  ClkDiv_0_DW01_inc_0
U0_PULSE_GEN                         57.6583      0.3      5.8835    51.7748  0.0000  PULSE_GEN
U0_RST_SYNC                          51.7748      0.2      0.0000    51.7748  0.0000  RST_SYNC_0
U0_RegFile                         6088.2458     26.5   2541.6721  3546.5738  0.0000  RegFile
U0_SYS_CTRL                        1410.8633      6.1    629.5345   781.3288  0.0000  SYS_CTRL
U0_UART                            3634.8263     15.8      7.0602     0.0000  0.0000  UART
U0_UART/U0_UART_RX                 2462.8331     10.7      7.0602     0.0000  0.0000  UART_RX
U0_UART/U0_UART_RX/U0_data_sampling
                                    578.9364      2.5    470.6800   108.2564  0.0000  data_sampling
U0_UART/U0_UART_RX/U0_deserializer
                                    444.7926      1.9    228.2798   216.5128  0.0000  deserializer
U0_UART/U0_UART_RX/U0_edge_bit_counter
                                    623.6510      2.7    353.0100   270.6410  0.0000  edge_bit_counter
U0_UART/U0_UART_RX/U0_par_chk       145.9108      0.6    110.6098    35.3010  0.0000  par_chk
U0_UART/U0_UART_RX/U0_stp_chk        47.0680      0.2     11.7670    35.3010  0.0000  stp_chk
U0_UART/U0_UART_RX/U0_strt_chk       38.8311      0.2     11.7670    27.0641  0.0000  strt_chk
U0_UART/U0_UART_RX/U0_uart_fsm      576.5830      2.5    495.3907    81.1923  0.0000  uart_rx_fsm
U0_UART/U0_UART_TX                 1164.9330      5.1      7.0602     0.0000  0.0000  UART_TX
U0_UART/U0_UART_TX/U0_Serializer    470.6800      2.0    185.9186   284.7614  0.0000  Serializer
U0_UART/U0_UART_TX/U0_fsm           192.9788      0.8     89.4292   103.5496  0.0000  uart_tx_fsm
U0_UART/U0_UART_TX/U0_mux            62.3651      0.3     27.0641    35.3010  0.0000  mux
U0_UART/U0_UART_TX/U0_parity_calc   431.8489      1.9    198.8623   232.9866  0.0000  parity_calc
U0_UART_FIFO                       4058.4383     17.7      7.0602     0.0000  0.0000  Async_fifo
U0_UART_FIFO/u_fifo_mem            2891.1519     12.6   1234.3583  1656.7936  0.0000  fifo_mem
U0_UART_FIFO/u_fifo_rd              375.3673      1.6    168.2681   207.0992  0.0000  fifo_rd
U0_UART_FIFO/u_fifo_wr              370.6605      1.6    163.5613   207.0992  0.0000  fifo_wr
U0_UART_FIFO/u_r2w_sync             207.0992      0.9      0.0000   207.0992  0.0000  BIT_SYNC_1
U0_UART_FIFO/u_w2r_sync             207.0992      0.9      0.0000   207.0992  0.0000  BIT_SYNC_0
U0_ref_sync                         395.3712      1.7     84.7224   310.6488  0.0000  DATA_SYNC
U1_ClkDiv                           767.2084      3.3    442.4392   232.9866  0.0000  ClkDiv_1
U1_ClkDiv/add_49                     91.7826      0.4     91.7826     0.0000  0.0000  ClkDiv_1_DW01_inc_0
U1_RST_SYNC                          51.7748      0.2      0.0000    51.7748  0.0000  RST_SYNC_1
--------------------------------  ----------  -------  ----------  ---------  ------  -------------------
Total                                                  13336.7180  9656.0001  0.0000

1
